main.c:104:6:SPI_Master_GPIO_Init	8	static
main.c:137:6:SPI_Master_Init	8	static
main.c:175:6:GPIO_I2CMaster_Inits	16	static
main.c:202:6:I2CMaster_Inits	24	static
main.c:221:13:I2C_Start	8	static
main.c:235:13:I2C_address_direction	16	static
main.c:255:13:I2C_Transmit	16	static
main.c:263:13:I2C_Stop	8	static
main.c:271:9:I2C_receive_nack	16	static
main.c:286:9:I2C_receive_ack	16	static
main.c:301:7:CalculateTemp	24	static
main.c:308:7:CalculateHumi	24	static
main.c:318:7:TemHumSensor_readRegister	32	static
main.c:367:7:ReadTemperature	8	static
main.c:373:7:ReadHumidity	8	static
main.c:379:10:CalculatorTime	24	static
main.c:406:6:InitSensor	4	static
main.c:418:6:processGetValueSensor	32	static
main.c:463:5:main	16	static
main.c:510:6:delay	24	static
