main.c:85:6:LedControl_TimerOCInit	48	static
main.c:145:13:LedControl_PWM	16	static
main.c:155:6:LightSensor_AdcInit	56	static
main.c:236:10:LightSensor_AdcPollingRead	16	static
main.c:248:6:ABL_StepBrightness	16	static
main.c:278:10:CalculatorTime	24	static
main.c:293:6:ABL_Process	16	static
main.c:306:5:main	8	static
main.c:335:6:KalmanFilterInit	24	static
main.c:342:7:KalmanFilter_updateEstimate	32	static
main.c:352:6:KalmanFilter_setMeasurementError	16	static
main.c:357:6:KalmanFilter_setEstimateError	16	static
main.c:362:6:KalmanFilter_setProcessNoise	16	static
main.c:367:7:KalmanFilter_getKalmanGain	4	static
main.c:371:7:KalmanFilter_getEstimateError	4	static
main.c:376:6:delay	24	static
