main.c:115:6:Button_Init1	4	static
main.c:140:6:LedBuzz_Init	16	static
main.c:193:13:Button_Init	16	static
main.c:220:13:Interrupt_Init	24	static
main.c:267:13:LedControl_SetStatus	16	static
main.c:299:13:BuzzerControl_SetBeep	8	static
main.c:314:10:CalculatorTime	24	static
main.c:330:13:Blinkled_StatusPower	24	static
main.c:346:13:StatusConnected	8	static
main.c:381:13:LedControl_TimPress	16	static
main.c:418:13:LedControl_TimOutPress	16	static
main.c:450:5:main	8	static
main.c:465:6:delay	24	static
main.c:474:6:EXTI3_IRQHandler	8	static
main.c:511:6:EXTI4_IRQHandler	8	static
main.c:534:6:EXTI0_IRQHandler	8	static
