main.c:228:6:Button_Init	16	static
main.c:262:13:Interrupt_Init	24	static
main.c:300:6:BuzzerControl_SendPacket	24	static
main.c:337:6:LedControl_SendPacket	48	static
main.c:401:6:EXTI3_IRQHandler	8	static
main.c:428:6:EXTI4_IRQHandler	8	static
main.c:459:6:GPIO_I2CMaster_Inits	16	static
main.c:486:6:I2CMaster_Inits	24	static
main.c:506:13:I2C_Start	8	static
main.c:520:13:I2C_address_direction	16	static
main.c:541:13:I2C_Transmit	16	static
main.c:549:13:I2C_Stop	8	static
main.c:558:9:I2C_receive_nack	16	static
main.c:573:9:I2C_receive_ack	16	static
main.c:589:7:CalculateTemp	24	static
main.c:596:7:CalculateHumi	24	static
main.c:606:7:TemHumSensor_readRegister	32	static
main.c:655:7:ReadTemperature	8	static
main.c:661:7:ReadHumidity	8	static
main.c:667:10:CalculatorTime	24	static
main.c:692:6:InitSensor	4	static
main.c:702:6:processGetValueSensor	16	static
main.c:733:6:SendDataToUsart	40	static
main.c:770:6:HumiSensor_SendPacket	16	static
main.c:776:6:TempSensor_SendPacket	16	static
main.c:781:6:USART2_Init	40	static
main.c:842:6:Serial_Init	8	static
main.c:851:9:PollRxBuff	16	static
main.c:921:6:processSerialReceiver	16	static
main.c:1027:6:USART2_IRQHandler	8	static
main.c:1038:6:delay	24	static
main.c:1046:6:LedBuzz_Init	16	static
main.c:1115:5:main	8	static
