Archive member included to satisfy reference by file (symbol)

E:\Drive C\firmware\SDK_1.0.3_NUCLEO-F401RE\lib_stm\libLibraries.a(misc.o)
                              ./Src/main.o (NVIC_Init)
E:\Drive C\firmware\SDK_1.0.3_NUCLEO-F401RE\lib_stm\libLibraries.a(stm32f401re_exti.o)
                              ./Src/main.o (EXTI_Init)
E:\Drive C\firmware\SDK_1.0.3_NUCLEO-F401RE\lib_stm\libLibraries.a(stm32f401re_gpio.o)
                              ./Src/main.o (GPIO_Init)
E:\Drive C\firmware\SDK_1.0.3_NUCLEO-F401RE\lib_stm\libLibraries.a(stm32f401re_rcc.o)
                              ./Src/main.o (RCC_AHB1PeriphClockCmd)
E:\Drive C\firmware\SDK_1.0.3_NUCLEO-F401RE\lib_stm\libLibraries.a(stm32f401re_syscfg.o)
                              ./Src/main.o (SYSCFG_EXTILineConfig)
E:\Drive C\firmware\SDK_1.0.3_NUCLEO-F401RE\lib_stm\libLibraries.a(timer.o)
                              ./Src/main.o (TimerInit)
E:\Drive C\firmware\SDK_1.0.3_NUCLEO-F401RE\lib_stm\libLibraries.a(utilities.o)
                              E:\Drive C\firmware\SDK_1.0.3_NUCLEO-F401RE\lib_stm\libLibraries.a(timer.o) (memsetl)
c:/st/stm32cubeide_1.7.0/stm32cubeide/plugins/com.st.stm32cube.ide.mcu.externaltools.gnu-tools-for-stm32.9-2020-q2-update.win32_2.0.0.202105311346/tools/bin/../lib/gcc/arm-none-eabi/9.3.1/../../../../arm-none-eabi/lib/thumb/v7e-m+fp/hard\libc_nano.a(lib_a-errno.o)
                              ./Src/syscalls.o (__errno)
c:/st/stm32cubeide_1.7.0/stm32cubeide/plugins/com.st.stm32cube.ide.mcu.externaltools.gnu-tools-for-stm32.9-2020-q2-update.win32_2.0.0.202105311346/tools/bin/../lib/gcc/arm-none-eabi/9.3.1/../../../../arm-none-eabi/lib/thumb/v7e-m+fp/hard\libc_nano.a(lib_a-exit.o)
                              c:/st/stm32cubeide_1.7.0/stm32cubeide/plugins/com.st.stm32cube.ide.mcu.externaltools.gnu-tools-for-stm32.9-2020-q2-update.win32_2.0.0.202105311346/tools/bin/../lib/gcc/arm-none-eabi/9.3.1/../../../../arm-none-eabi/lib/thumb/v7e-m+fp/hard/crt0.o (exit)
c:/st/stm32cubeide_1.7.0/stm32cubeide/plugins/com.st.stm32cube.ide.mcu.externaltools.gnu-tools-for-stm32.9-2020-q2-update.win32_2.0.0.202105311346/tools/bin/../lib/gcc/arm-none-eabi/9.3.1/../../../../arm-none-eabi/lib/thumb/v7e-m+fp/hard\libc_nano.a(lib_a-impure.o)
                              c:/st/stm32cubeide_1.7.0/stm32cubeide/plugins/com.st.stm32cube.ide.mcu.externaltools.gnu-tools-for-stm32.9-2020-q2-update.win32_2.0.0.202105311346/tools/bin/../lib/gcc/arm-none-eabi/9.3.1/../../../../arm-none-eabi/lib/thumb/v7e-m+fp/hard\libc_nano.a(lib_a-exit.o) (_global_impure_ptr)
c:/st/stm32cubeide_1.7.0/stm32cubeide/plugins/com.st.stm32cube.ide.mcu.externaltools.gnu-tools-for-stm32.9-2020-q2-update.win32_2.0.0.202105311346/tools/bin/../lib/gcc/arm-none-eabi/9.3.1/../../../../arm-none-eabi/lib/thumb/v7e-m+fp/hard\libc_nano.a(lib_a-init.o)
                              c:/st/stm32cubeide_1.7.0/stm32cubeide/plugins/com.st.stm32cube.ide.mcu.externaltools.gnu-tools-for-stm32.9-2020-q2-update.win32_2.0.0.202105311346/tools/bin/../lib/gcc/arm-none-eabi/9.3.1/../../../../arm-none-eabi/lib/thumb/v7e-m+fp/hard/crt0.o (__libc_init_array)
c:/st/stm32cubeide_1.7.0/stm32cubeide/plugins/com.st.stm32cube.ide.mcu.externaltools.gnu-tools-for-stm32.9-2020-q2-update.win32_2.0.0.202105311346/tools/bin/../lib/gcc/arm-none-eabi/9.3.1/../../../../arm-none-eabi/lib/thumb/v7e-m+fp/hard\libc_nano.a(lib_a-memset.o)
                              c:/st/stm32cubeide_1.7.0/stm32cubeide/plugins/com.st.stm32cube.ide.mcu.externaltools.gnu-tools-for-stm32.9-2020-q2-update.win32_2.0.0.202105311346/tools/bin/../lib/gcc/arm-none-eabi/9.3.1/../../../../arm-none-eabi/lib/thumb/v7e-m+fp/hard/crt0.o (memset)

Allocating common symbols
Common symbol       size              file

buttonB3            0x18              ./Src/main.o
buttonB4            0x18              ./Src/main.o
buttonB2            0x18              ./Src/main.o

Discarded input sections

 .text          0x0000000000000000        0x0 c:/st/stm32cubeide_1.7.0/stm32cubeide/plugins/com.st.stm32cube.ide.mcu.externaltools.gnu-tools-for-stm32.9-2020-q2-update.win32_2.0.0.202105311346/tools/bin/../lib/gcc/arm-none-eabi/9.3.1/thumb/v7e-m+fp/hard/crti.o
 .data          0x0000000000000000        0x0 c:/st/stm32cubeide_1.7.0/stm32cubeide/plugins/com.st.stm32cube.ide.mcu.externaltools.gnu-tools-for-stm32.9-2020-q2-update.win32_2.0.0.202105311346/tools/bin/../lib/gcc/arm-none-eabi/9.3.1/thumb/v7e-m+fp/hard/crti.o
 .bss           0x0000000000000000        0x0 c:/st/stm32cubeide_1.7.0/stm32cubeide/plugins/com.st.stm32cube.ide.mcu.externaltools.gnu-tools-for-stm32.9-2020-q2-update.win32_2.0.0.202105311346/tools/bin/../lib/gcc/arm-none-eabi/9.3.1/thumb/v7e-m+fp/hard/crti.o
 .data          0x0000000000000000        0x4 c:/st/stm32cubeide_1.7.0/stm32cubeide/plugins/com.st.stm32cube.ide.mcu.externaltools.gnu-tools-for-stm32.9-2020-q2-update.win32_2.0.0.202105311346/tools/bin/../lib/gcc/arm-none-eabi/9.3.1/thumb/v7e-m+fp/hard/crtbegin.o
[...]
Memory Configuration

Name             Origin             Length             Attributes
RAM              0x0000000020000000 0x0000000000018000 xrw
FLASH            0x0000000008000000 0x0000000000080000 xr
*default*        0x0000000000000000 0xffffffffffffffff

Linker script and memory map

LOAD c:/st/stm32cubeide_1.7.0/stm32cubeide/plugins/com.st.stm32cube.ide.mcu.externaltools.gnu-tools-for-stm32.9-2020-q2-update.win32_2.0.0.202105311346/tools/bin/../lib/gcc/arm-none-eabi/9.3.1/thumb/v7e-m+fp/hard/crti.o
LOAD c:/st/stm32cubeide_1.7.0/stm32cubeide/plugins/com.st.stm32cube.ide.mcu.externaltools.gnu-tools-for-stm32.9-2020-q2-update.win32_2.0.0.202105311346/tools/bin/../lib/gcc/arm-none-eabi/9.3.1/thumb/v7e-m+fp/hard/crtbegin.o
LOAD c:/st/stm32cubeide_1.7.0/stm32cubeide/plugins/com.st.stm32cube.ide.mcu.externaltools.gnu-tools-for-stm32.9-2020-q2-update.win32_2.0.0.202105311346/tools/bin/../lib/gcc/arm-none-eabi/9.3.1/../../../../arm-none-eabi/lib/thumb/v7e-m+fp/hard/crt0.o
LOAD ./Src/main.o
LOAD ./Src/syscalls.o
LOAD ./Src/sysmem.o
LOAD ./Startup/startup_stm32f401retx.o
LOAD E:\Drive C\firmware\SDK_1.0.3_NUCLEO-F401RE\lib_stm\libLibraries.a
START GROUP
LOAD c:/st/stm32cubeide_1.7.0/stm32cubeide/plugins/com.st.stm32cube.ide.mcu.externaltools.gnu-tools-for-stm32.9-2020-q2-update.win32_2.0.0.202105311346/tools/bin/../lib/gcc/arm-none-eabi/9.3.1/../../../../arm-none-eabi/lib/thumb/v7e-m+fp/hard\libc_nano.a
LOAD c:/st/stm32cubeide_1.7.0/stm32cubeide/plugins/com.st.stm32cube.ide.mcu.externaltools.gnu-tools-for-stm32.9-2020-q2-update.win32_2.0.0.202105311346/tools/bin/../lib/gcc/arm-none-eabi/9.3.1/../../../../arm-none-eabi/lib/thumb/v7e-m+fp/hard\libm.a
END GROUP
START GROUP
LOAD c:/st/stm32cubeide_1.7.0/stm32cubeide/plugins/com.st.stm32cube.ide.mcu.externaltools.gnu-tools-for-stm32.9-2020-q2-update.win32_2.0.0.202105311346/tools/bin/../lib/gcc/arm-none-eabi/9.3.1/thumb/v7e-m+fp/hard\libgcc.a
LOAD c:/st/stm32cubeide_1.7.0/stm32cubeide/plugins/com.st.stm32cube.ide.mcu.externaltools.gnu-tools-for-stm32.9-2020-q2-update.win32_2.0.0.202105311346/tools/bin/../lib/gcc/arm-none-eabi/9.3.1/../../../../arm-none-eabi/lib/thumb/v7e-m+fp/hard\libc_nano.a
END GROUP
START GROUP
LOAD c:/st/stm32cubeide_1.7.0/stm32cubeide/plugins/com.st.stm32cube.ide.mcu.externaltools.gnu-tools-for-stm32.9-2020-q2-update.win32_2.0.0.202105311346/tools/bin/../lib/gcc/arm-none-eabi/9.3.1/thumb/v7e-m+fp/hard\libgcc.a
LOAD c:/st/stm32cubeide_1.7.0/stm32cubeide/plugins/com.st.stm32cube.ide.mcu.externaltools.gnu-tools-for-stm32.9-2020-q2-update.win32_2.0.0.202105311346/tools/bin/../lib/gcc/arm-none-eabi/9.3.1/../../../../arm-none-eabi/lib/thumb/v7e-m+fp/hard\libc_nano.a
LOAD c:/st/stm32cubeide_1.7.0/stm32cubeide/plugins/com.st.stm32cube.ide.mcu.externaltools.gnu-tools-for-stm32.9-2020-q2-update.win32_2.0.0.202105311346/tools/bin/../lib/gcc/arm-none-eabi/9.3.1/../../../../arm-none-eabi/lib/thumb/v7e-m+fp/hard\libnosys.a
END GROUP
START GROUP
LOAD c:/st/stm32cubeide_1.7.0/stm32cubeide/plugins/com.st.stm32cube.ide.mcu.externaltools.gnu-tools-for-stm32.9-2020-q2-update.win32_2.0.0.202105311346/tools/bin/../lib/gcc/arm-none-eabi/9.3.1/thumb/v7e-m+fp/hard\libgcc.a
LOAD c:/st/stm32cubeide_1.7.0/stm32cubeide/plugins/com.st.stm32cube.ide.mcu.externaltools.gnu-tools-for-stm32.9-2020-q2-update.win32_2.0.0.202105311346/tools/bin/../lib/gcc/arm-none-eabi/9.3.1/../../../../arm-none-eabi/lib/thumb/v7e-m+fp/hard\libc_nano.a
LOAD c:/st/stm32cubeide_1.7.0/stm32cubeide/plugins/com.st.stm32cube.ide.mcu.externaltools.gnu-tools-for-stm32.9-2020-q2-update.win32_2.0.0.202105311346/tools/bin/../lib/gcc/arm-none-eabi/9.3.1/../../../../arm-none-eabi/lib/thumb/v7e-m+fp/hard\libnosys.a
END GROUP
LOAD c:/st/stm32cubeide_1.7.0/stm32cubeide/plugins/com.st.stm32cube.ide.mcu.externaltools.gnu-tools-for-stm32.9-2020-q2-update.win32_2.0.0.202105311346/tools/bin/../lib/gcc/arm-none-eabi/9.3.1/thumb/v7e-m+fp/hard/crtend.o
LOAD c:/st/stm32cubeide_1.7.0/stm32cubeide/plugins/com.st.stm32cube.ide.mcu.externaltools.gnu-tools-for-stm32.9-2020-q2-update.win32_2.0.0.202105311346/tools/bin/../lib/gcc/arm-none-eabi/9.3.1/thumb/v7e-m+fp/hard/crtn.o
                0x0000000020018000                _estack = (ORIGIN (RAM) + LENGTH (RAM))
                0x0000000000000200                _Min_Heap_Size = 0x200
                0x0000000000000400                _Min_Stack_Size = 0x400

.isr_vector     0x0000000008000000      0x194
                0x0000000008000000                . = ALIGN (0x4)
 *(.isr_vector)
 .isr_vector    0x0000000008000000      0x194 ./Startup/startup_stm32f401retx.o
                0x0000000008000000                g_pfnVectors
                0x0000000008000194                . = ALIGN (0x4)

.text           0x0000000008000194      0xfb4
                0x0000000008000194                . = ALIGN (0x4)
 *(.text)
 .text          0x0000000008000194       0x40 c:/st/stm32cubeide_1.7.0/stm32cubeide/plugins/com.st.stm32cube.ide.mcu.externaltools.gnu-tools-for-stm32.9-2020-q2-update.win32_2.0.0.202105311346/tools/bin/../lib/gcc/arm-none-eabi/9.3.1/thumb/v7e-m+fp/hard/crtbegin.o
 *(.text*)
 .text.Button_Init1
                0x00000000080001d4       0x88 ./Src/main.o
                0x00000000080001d4                Button_Init1
 .text.LedBuzz_Init
                0x000000000800025c       0xa0 ./Src/main.o
                0x000000000800025c                LedBuzz_Init
 .text.Button_Init
                0x00000000080002fc       0x64 ./Src/main.o
 .text.Interrupt_Init
                0x0000000008000360       0x96 ./Src/main.o
 *fill*         0x00000000080003f6        0x2 
 .text.LedControl_SetStatus
                0x00000000080003f8       0x78 ./Src/main.o
 .text.CalculatorTime
                0x0000000008000470       0x34 ./Src/main.o
                0x0000000008000470                CalculatorTime
 .text.Blinkled_StatusPower
                0x00000000080004a4       0x5a ./Src/main.o
 *fill*         0x00000000080004fe        0x2 
 .text.StatusConnected
                0x0000000008000500       0xc4 ./Src/main.o
 .text.LedControl_TimPress
                0x00000000080005c4       0xc0 ./Src/main.o
 .text.LedControl_TimOutPress
                0x0000000008000684       0xcc ./Src/main.o
 .text.main     0x0000000008000750       0x28 ./Src/main.o
                0x0000000008000750                main
 .text.delay    0x0000000008000778       0x40 ./Src/main.o
                0x0000000008000778                delay
 .text.EXTI3_IRQHandler
                0x00000000080007b8       0xa8 ./Src/main.o
                0x00000000080007b8                EXTI3_IRQHandler
 .text.EXTI4_IRQHandler
                0x0000000008000860       0x78 ./Src/main.o
                0x0000000008000860                EXTI4_IRQHandler
 .text.EXTI0_IRQHandler
                0x00000000080008d8       0xa8 ./Src/main.o
                0x00000000080008d8                EXTI0_IRQHandler
 .text.Reset_Handler
                0x0000000008000980       0x50 ./Startup/startup_stm32f401retx.o
                0x0000000008000980                Reset_Handler
 .text.Default_Handler
                0x00000000080009d0        0x2 ./Startup/startup_stm32f401retx.o
                0x00000000080009d0                EXTI2_IRQHandler
                0x00000000080009d0                DebugMon_Handler
                0x00000000080009d0                SPI4_IRQHandler
                0x00000000080009d0                TIM1_CC_IRQHandler
                0x00000000080009d0                HardFault_Handler
                0x00000000080009d0                SDIO_IRQHandler
                0x00000000080009d0                TAMP_STAMP_IRQHandler
                0x00000000080009d0                PendSV_Handler
                0x00000000080009d0                NMI_Handler
                0x00000000080009d0                TIM1_UP_TIM10_IRQHandler
                0x00000000080009d0                I2C3_ER_IRQHandler
                0x00000000080009d0                EXTI18_OTG_FS_WKUP_IRQHandler
                0x00000000080009d0                I2C2_EV_IRQHandler
                0x00000000080009d0                FPU_IRQHandler
                0x00000000080009d0                UsageFault_Handler
                0x00000000080009d0                SPI1_IRQHandler
                0x00000000080009d0                TIM1_BRK_TIM9_IRQHandler
                0x00000000080009d0                USART6_IRQHandler
                0x00000000080009d0                TIM4_IRQHandler
                0x00000000080009d0                I2C1_EV_IRQHandler
                0x00000000080009d0                TIM3_IRQHandler
                0x00000000080009d0                RCC_IRQHandler
                0x00000000080009d0                Default_Handler
                0x00000000080009d0                EXTI15_10_IRQHandler
                0x00000000080009d0                ADC_IRQHandler
                0x00000000080009d0                TIM5_IRQHandler
                0x00000000080009d0                I2C3_EV_IRQHandler
                0x00000000080009d0                EXTI9_5_IRQHandler
                0x00000000080009d0                SPI2_IRQHandler
                0x00000000080009d0                MemManage_Handler
                0x00000000080009d0                SVC_Handler
                0x00000000080009d0                EXTI22_RTC_WKUP_IRQHandler
                0x00000000080009d0                TIM2_IRQHandler
                0x00000000080009d0                EXTI16_PVD_IRQHandler
                0x00000000080009d0                TIM1_TRG_COM_TIM11_IRQHandler
                0x00000000080009d0                EXTI1_IRQHandler
                0x00000000080009d0                EXTI17_RTC_Alarm_IRQHandler
                0x00000000080009d0                USART2_IRQHandler
                0x00000000080009d0                I2C2_ER_IRQHandler
                0x00000000080009d0                FLASH_IRQHandler
                0x00000000080009d0                BusFault_Handler
                0x00000000080009d0                USART1_IRQHandler
                0x00000000080009d0                OTG_FS_IRQHandler
                0x00000000080009d0                SPI3_IRQHandler
                0x00000000080009d0                I2C1_ER_IRQHandler
 *fill*         0x00000000080009d2        0x2 
 .text.NVIC_Init
                0x00000000080009d4       0xc4 E:\Drive C\firmware\SDK_1.0.3_NUCLEO-F401RE\lib_stm\libLibraries.a(misc.o)
                0x00000000080009d4                NVIC_Init
 .text.EXTI_Init
                0x0000000008000a98       0xe4 E:\Drive C\firmware\SDK_1.0.3_NUCLEO-F401RE\lib_stm\libLibraries.a(stm32f401re_exti.o)
                0x0000000008000a98                EXTI_Init
 .text.EXTI_GetFlagStatus
                0x0000000008000b7c       0x34 E:\Drive C\firmware\SDK_1.0.3_NUCLEO-F401RE\lib_stm\libLibraries.a(stm32f401re_exti.o)
                0x0000000008000b7c                EXTI_GetFlagStatus
 .text.EXTI_ClearITPendingBit
                0x0000000008000bb0       0x20 E:\Drive C\firmware\SDK_1.0.3_NUCLEO-F401RE\lib_stm\libLibraries.a(stm32f401re_exti.o)
                0x0000000008000bb0                EXTI_ClearITPendingBit
 .text.GPIO_Init
                0x0000000008000bd0      0x11c E:\Drive C\firmware\SDK_1.0.3_NUCLEO-F401RE\lib_stm\libLibraries.a(stm32f401re_gpio.o)
                0x0000000008000bd0                GPIO_Init
 .text.GPIO_ReadInputDataBit
                0x0000000008000cec       0x34 E:\Drive C\firmware\SDK_1.0.3_NUCLEO-F401RE\lib_stm\libLibraries.a(stm32f401re_gpio.o)
                0x0000000008000cec                GPIO_ReadInputDataBit
 .text.GPIO_WriteBit
                0x0000000008000d20       0x30 E:\Drive C\firmware\SDK_1.0.3_NUCLEO-F401RE\lib_stm\libLibraries.a(stm32f401re_gpio.o)
                0x0000000008000d20                GPIO_WriteBit
 .text.RCC_GetClocksFreq
                0x0000000008000d50      0x150 E:\Drive C\firmware\SDK_1.0.3_NUCLEO-F401RE\lib_stm\libLibraries.a(stm32f401re_rcc.o)
                0x0000000008000d50                RCC_GetClocksFreq
 .text.RCC_AHB1PeriphClockCmd
                0x0000000008000ea0       0x40 E:\Drive C\firmware\SDK_1.0.3_NUCLEO-F401RE\lib_stm\libLibraries.a(stm32f401re_rcc.o)
                0x0000000008000ea0                RCC_AHB1PeriphClockCmd
 .text.RCC_APB2PeriphClockCmd
                0x0000000008000ee0       0x40 E:\Drive C\firmware\SDK_1.0.3_NUCLEO-F401RE\lib_stm\libLibraries.a(stm32f401re_rcc.o)
                0x0000000008000ee0                RCC_APB2PeriphClockCmd
 .text.SYSCFG_EXTILineConfig
                0x0000000008000f20       0x84 E:\Drive C\firmware\SDK_1.0.3_NUCLEO-F401RE\lib_stm\libLibraries.a(stm32f401re_syscfg.o)
                0x0000000008000f20                SYSCFG_EXTILineConfig
 .text.NVIC_SetPriority
                0x0000000008000fa4       0x54 E:\Drive C\firmware\SDK_1.0.3_NUCLEO-F401RE\lib_stm\libLibraries.a(timer.o)
 .text.SysTick_Config
                0x0000000008000ff8       0x44 E:\Drive C\firmware\SDK_1.0.3_NUCLEO-F401RE\lib_stm\libLibraries.a(timer.o)
 .text.TimerInit
                0x000000000800103c       0x44 E:\Drive C\firmware\SDK_1.0.3_NUCLEO-F401RE\lib_stm\libLibraries.a(timer.o)
                0x000000000800103c                TimerInit
 .text.GetMilSecTick
                0x0000000008001080       0x18 E:\Drive C\firmware\SDK_1.0.3_NUCLEO-F401RE\lib_stm\libLibraries.a(timer.o)
                0x0000000008001080                GetMilSecTick
 .text.SysTick_Handler
                0x0000000008001098       0x1c E:\Drive C\firmware\SDK_1.0.3_NUCLEO-F401RE\lib_stm\libLibraries.a(timer.o)
                0x0000000008001098                SysTick_Handler
 .text.memsetl  0x00000000080010b4       0x32 E:\Drive C\firmware\SDK_1.0.3_NUCLEO-F401RE\lib_stm\libLibraries.a(utilities.o)
                0x00000000080010b4                memsetl
 *fill*         0x00000000080010e6        0x2 
 .text.__libc_init_array
                0x00000000080010e8       0x48 c:/st/stm32cubeide_1.7.0/stm32cubeide/plugins/com.st.stm32cube.ide.mcu.externaltools.gnu-tools-for-stm32.9-2020-q2-update.win32_2.0.0.202105311346/tools/bin/../lib/gcc/arm-none-eabi/9.3.1/../../../../arm-none-eabi/lib/thumb/v7e-m+fp/hard\libc_nano.a(lib_a-init.o)
                0x00000000080010e8                __libc_init_array
 *(.glue_7)
 .glue_7        0x0000000008001130        0x0 linker stubs
 *(.glue_7t)
 .glue_7t       0x0000000008001130        0x0 linker stubs
 *(.eh_frame)
 .eh_frame      0x0000000008001130        0x0 c:/st/stm32cubeide_1.7.0/stm32cubeide/plugins/com.st.stm32cube.ide.mcu.externaltools.gnu-tools-for-stm32.9-2020-q2-update.win32_2.0.0.202105311346/tools/bin/../lib/gcc/arm-none-eabi/9.3.1/thumb/v7e-m+fp/hard/crtbegin.o
 *(.init)
 .init          0x0000000008001130        0x4 c:/st/stm32cubeide_1.7.0/stm32cubeide/plugins/com.st.stm32cube.ide.mcu.externaltools.gnu-tools-for-stm32.9-2020-q2-update.win32_2.0.0.202105311346/tools/bin/../lib/gcc/arm-none-eabi/9.3.1/thumb/v7e-m+fp/hard/crti.o
                0x0000000008001130                _init
 .init          0x0000000008001134        0x8 c:/st/stm32cubeide_1.7.0/stm32cubeide/plugins/com.st.stm32cube.ide.mcu.externaltools.gnu-tools-for-stm32.9-2020-q2-update.win32_2.0.0.202105311346/tools/bin/../lib/gcc/arm-none-eabi/9.3.1/thumb/v7e-m+fp/hard/crtn.o
 *(.fini)
 .fini          0x000000000800113c        0x4 c:/st/stm32cubeide_1.7.0/stm32cubeide/plugins/com.st.stm32cube.ide.mcu.externaltools.gnu-tools-for-stm32.9-2020-q2-update.win32_2.0.0.202105311346/tools/bin/../lib/gcc/arm-none-eabi/9.3.1/thumb/v7e-m+fp/hard/crti.o
                0x000000000800113c                _fini
 .fini          0x0000000008001140        0x8 c:/st/stm32cubeide_1.7.0/stm32cubeide/plugins/com.st.stm32cube.ide.mcu.externaltools.gnu-tools-for-stm32.9-2020-q2-update.win32_2.0.0.202105311346/tools/bin/../lib/gcc/arm-none-eabi/9.3.1/thumb/v7e-m+fp/hard/crtn.o
                0x0000000008001148                . = ALIGN (0x4)
                0x0000000008001148                _etext = .

.vfp11_veneer   0x0000000008001148        0x0
 .vfp11_veneer  0x0000000008001148        0x0 linker stubs

.v4_bx          0x0000000008001148        0x0
 .v4_bx         0x0000000008001148        0x0 linker stubs

.iplt           0x0000000008001148        0x0
 .iplt          0x0000000008001148        0x0 c:/st/stm32cubeide_1.7.0/stm32cubeide/plugins/com.st.stm32cube.ide.mcu.externaltools.gnu-tools-for-stm32.9-2020-q2-update.win32_2.0.0.202105311346/tools/bin/../lib/gcc/arm-none-eabi/9.3.1/thumb/v7e-m+fp/hard/crtbegin.o

.rel.dyn        0x0000000008001148        0x0
 .rel.iplt      0x0000000008001148        0x0 c:/st/stm32cubeide_1.7.0/stm32cubeide/plugins/com.st.stm32cube.ide.mcu.externaltools.gnu-tools-for-stm32.9-2020-q2-update.win32_2.0.0.202105311346/tools/bin/../lib/gcc/arm-none-eabi/9.3.1/thumb/v7e-m+fp/hard/crtbegin.o

.rodata         0x0000000008001148        0x0
                0x0000000008001148                . = ALIGN (0x4)
 *(.rodata)
 *(.rodata*)
                0x0000000008001148                . = ALIGN (0x4)

.ARM.extab      0x0000000008001148        0x0
                0x0000000008001148                . = ALIGN (0x4)
 *(.ARM.extab* .gnu.linkonce.armextab.*)
                0x0000000008001148                . = ALIGN (0x4)

.ARM            0x0000000008001148        0x0
                0x0000000008001148                . = ALIGN (0x4)
                0x0000000008001148                __exidx_start = .
 *(.ARM.exidx*)
                0x0000000008001148                __exidx_end = .
                0x0000000008001148                . = ALIGN (0x4)

.preinit_array  0x0000000008001148        0x0
                0x0000000008001148                . = ALIGN (0x4)
                0x0000000008001148                PROVIDE (__preinit_array_start = .)
 *(.preinit_array*)
                0x0000000008001148                PROVIDE (__preinit_array_end = .)
                0x0000000008001148                . = ALIGN (0x4)

.init_array     0x0000000008001148        0x4
                0x0000000008001148                . = ALIGN (0x4)
                0x0000000008001148                PROVIDE (__init_array_start = .)
 *(SORT_BY_NAME(.init_array.*))
 *(.init_array*)
 .init_array    0x0000000008001148        0x4 c:/st/stm32cubeide_1.7.0/stm32cubeide/plugins/com.st.stm32cube.ide.mcu.externaltools.gnu-tools-for-stm32.9-2020-q2-update.win32_2.0.0.202105311346/tools/bin/../lib/gcc/arm-none-eabi/9.3.1/thumb/v7e-m+fp/hard/crtbegin.o
                0x000000000800114c                PROVIDE (__init_array_end = .)
                0x000000000800114c                . = ALIGN (0x4)

.fini_array     0x000000000800114c        0x4
                0x000000000800114c                . = ALIGN (0x4)
                [!provide]                        PROVIDE (__fini_array_start = .)
 *(SORT_BY_NAME(.fini_array.*))
 *(.fini_array*)
 .fini_array    0x000000000800114c        0x4 c:/st/stm32cubeide_1.7.0/stm32cubeide/plugins/com.st.stm32cube.ide.mcu.externaltools.gnu-tools-for-stm32.9-2020-q2-update.win32_2.0.0.202105311346/tools/bin/../lib/gcc/arm-none-eabi/9.3.1/thumb/v7e-m+fp/hard/crtbegin.o
                [!provide]                        PROVIDE (__fini_array_end = .)
                0x0000000008001150                . = ALIGN (0x4)
                0x0000000008001150                _sidata = LOADADDR (.data)

.data           0x0000000020000000       0x10 load address 0x0000000008001150
                0x0000000020000000                . = ALIGN (0x4)
                0x0000000020000000                _sdata = .
 *(.data)
 *(.data*)
 .data.APBAHBPrescTable
                0x0000000020000000       0x10 E:\Drive C\firmware\SDK_1.0.3_NUCLEO-F401RE\lib_stm\libLibraries.a(stm32f401re_rcc.o)
 *(.RamFunc)
 *(.RamFunc*)
                0x0000000020000010                . = ALIGN (0x4)
                0x0000000020000010                _edata = .

.igot.plt       0x0000000020000010        0x0 load address 0x0000000008001160
 .igot.plt      0x0000000020000010        0x0 c:/st/stm32cubeide_1.7.0/stm32cubeide/plugins/com.st.stm32cube.ide.mcu.externaltools.gnu-tools-for-stm32.9-2020-q2-update.win32_2.0.0.202105311346/tools/bin/../lib/gcc/arm-none-eabi/9.3.1/thumb/v7e-m+fp/hard/crtbegin.o
                0x0000000020000010                . = ALIGN (0x4)

.bss            0x0000000020000010      0x1e8 load address 0x0000000008001160
                0x0000000020000010                _sbss = .
                0x0000000020000010                __bss_start__ = _sbss
 *(.bss)
 .bss           0x0000000020000010       0x1c c:/st/stm32cubeide_1.7.0/stm32cubeide/plugins/com.st.stm32cube.ide.mcu.externaltools.gnu-tools-for-stm32.9-2020-q2-update.win32_2.0.0.202105311346/tools/bin/../lib/gcc/arm-none-eabi/9.3.1/thumb/v7e-m+fp/hard/crtbegin.o
 *(.bss*)
 .bss.g_pTimerHandle
                0x000000002000002c      0x180 E:\Drive C\firmware\SDK_1.0.3_NUCLEO-F401RE\lib_stm\libLibraries.a(timer.o)
 .bss.g_wMilSecTickTimer
                0x00000000200001ac        0x4 E:\Drive C\firmware\SDK_1.0.3_NUCLEO-F401RE\lib_stm\libLibraries.a(timer.o)
 *(COMMON)
 COMMON         0x00000000200001b0       0x48 ./Src/main.o
                0x00000000200001b0                buttonB3
                0x00000000200001c8                buttonB4
                0x00000000200001e0                buttonB2
                0x00000000200001f8                . = ALIGN (0x4)
                0x00000000200001f8                _ebss = .
                0x00000000200001f8                __bss_end__ = _ebss

._user_heap_stack
                0x00000000200001f8      0x600 load address 0x0000000008001160
                0x00000000200001f8                . = ALIGN (0x8)
                [!provide]                        PROVIDE (end = .)
                0x00000000200001f8                PROVIDE (_end = .)
                0x00000000200003f8                . = (. + _Min_Heap_Size)
 *fill*         0x00000000200001f8      0x200 
                0x00000000200007f8                . = (. + _Min_Stack_Size)
 *fill*         0x00000000200003f8      0x400 
                0x00000000200007f8                . = ALIGN (0x8)

/DISCARD/
 libc.a(*)
 libm.a(*)
 libgcc.a(*)

.ARM.attributes
                0x0000000000000000       0x30
 *(.ARM.attributes)
 .ARM.attributes
                0x0000000000000000       0x1e c:/st/stm32cubeide_1.7.0/stm32cubeide/plugins/com.st.stm32cube.ide.mcu.externaltools.gnu-tools-for-stm32.9-2020-q2-update.win32_2.0.0.202105311346/tools/bin/../lib/gcc/arm-none-eabi/9.3.1/thumb/v7e-m+fp/hard/crti.o
 .ARM.attributes
                0x000000000000001e       0x34 c:/st/stm32cubeide_1.7.0/stm32cubeide/plugins/com.st.stm32cube.ide.mcu.externaltools.gnu-tools-for-stm32.9-2020-q2-update.win32_2.0.0.202105311346/tools/bin/../lib/gcc/arm-none-eabi/9.3.1/thumb/v7e-m+fp/hard/crtbegin.o
 .ARM.attributes
                0x0000000000000052       0x34 ./Src/main.o
 .ARM.attributes
                0x0000000000000086       0x21 ./Startup/startup_stm32f401retx.o
 .ARM.attributes
                0x00000000000000a7       0x39 E:\Drive C\firmware\SDK_1.0.3_NUCLEO-F401RE\lib_stm\libLibraries.a(misc.o)
 .ARM.attributes
                0x00000000000000e0       0x39 E:\Drive C\firmware\SDK_1.0.3_NUCLEO-F401RE\lib_stm\libLibraries.a(stm32f401re_exti.o)
 .ARM.attributes
                0x0000000000000119       0x39 E:\Drive C\firmware\SDK_1.0.3_NUCLEO-F401RE\lib_stm\libLibraries.a(stm32f401re_gpio.o)
 .ARM.attributes
                0x0000000000000152       0x39 E:\Drive C\firmware\SDK_1.0.3_NUCLEO-F401RE\lib_stm\libLibraries.a(stm32f401re_rcc.o)
 .ARM.attributes
                0x000000000000018b       0x39 E:\Drive C\firmware\SDK_1.0.3_NUCLEO-F401RE\lib_stm\libLibraries.a(stm32f401re_syscfg.o)
 .ARM.attributes
                0x00000000000001c4       0x39 E:\Drive C\firmware\SDK_1.0.3_NUCLEO-F401RE\lib_stm\libLibraries.a(timer.o)
 .ARM.attributes
                0x00000000000001fd       0x39 E:\Drive C\firmware\SDK_1.0.3_NUCLEO-F401RE\lib_stm\libLibraries.a(utilities.o)
 .ARM.attributes
                0x0000000000000236       0x34 c:/st/stm32cubeide_1.7.0/stm32cubeide/plugins/com.st.stm32cube.ide.mcu.externaltools.gnu-tools-for-stm32.9-2020-q2-update.win32_2.0.0.202105311346/tools/bin/../lib/gcc/arm-none-eabi/9.3.1/../../../../arm-none-eabi/lib/thumb/v7e-m+fp/hard\libc_nano.a(lib_a-init.o)
 .ARM.attributes
                0x000000000000026a       0x1e c:/st/stm32cubeide_1.7.0/stm32cubeide/plugins/com.st.stm32cube.ide.mcu.externaltools.gnu-tools-for-stm32.9-2020-q2-update.win32_2.0.0.202105311346/tools/bin/../lib/gcc/arm-none-eabi/9.3.1/thumb/v7e-m+fp/hard/crtn.o
OUTPUT(Assignment1.elf elf32-littlearm)
LOAD linker stubs
LOAD c:/st/stm32cubeide_1.7.0/stm32cubeide/plugins/com.st.stm32cube.ide.mcu.externaltools.gnu-tools-for-stm32.9-2020-q2-update.win32_2.0.0.202105311346/tools/bin/../lib/gcc/arm-none-eabi/9.3.1/../../../../arm-none-eabi/lib/thumb/v7e-m+fp/hard\libc.a
LOAD c:/st/stm32cubeide_1.7.0/stm32cubeide/plugins/com.st.stm32cube.ide.mcu.externaltools.gnu-tools-for-stm32.9-2020-q2-update.win32_2.0.0.202105311346/tools/bin/../lib/gcc/arm-none-eabi/9.3.1/../../../../arm-none-eabi/lib/thumb/v7e-m+fp/hard\libm.a
LOAD c:/st/stm32cubeide_1.7.0/stm32cubeide/plugins/com.st.stm32cube.ide.mcu.externaltools.gnu-tools-for-stm32.9-2020-q2-update.win32_2.0.0.202105311346/tools/bin/../lib/gcc/arm-none-eabi/9.3.1/thumb/v7e-m+fp/hard\libgcc.a

.debug_info     0x0000000000000000     0x334d
 .debug_info    0x0000000000000000      0x87a ./Src/main.o
 .debug_info    0x000000000000087a       0x22 ./Startup/startup_stm32f401retx.o
 .debug_info    0x000000000000089c      0x54b E:\Drive C\firmware\SDK_1.0.3_NUCLEO-F401RE\lib_stm\libLibraries.a(misc.o)
 .debug_info    0x0000000000000de7      0x358 E:\Drive C\firmware\SDK_1.0.3_NUCLEO-F401RE\lib_stm\libLibraries.a(stm32f401re_exti.o)
 .debug_info    0x000000000000113f      0x62b E:\Drive C\firmware\SDK_1.0.3_NUCLEO-F401RE\lib_stm\libLibraries.a(stm32f401re_gpio.o)
 .debug_info    0x000000000000176a      0xd5e E:\Drive C\firmware\SDK_1.0.3_NUCLEO-F401RE\lib_stm\libLibraries.a(stm32f401re_rcc.o)
 .debug_info    0x00000000000024c8      0x2a6 E:\Drive C\firmware\SDK_1.0.3_NUCLEO-F401RE\lib_stm\libLibraries.a(stm32f401re_syscfg.o)
 .debug_info    0x000000000000276e      0x922 E:\Drive C\firmware\SDK_1.0.3_NUCLEO-F401RE\lib_stm\libLibraries.a(timer.o)
 .debug_info    0x0000000000003090      0x2bd E:\Drive C\firmware\SDK_1.0.3_NUCLEO-F401RE\lib_stm\libLibraries.a(utilities.o)

.debug_abbrev   0x0000000000000000      0xe3c
 .debug_abbrev  0x0000000000000000      0x2aa ./Src/main.o
 .debug_abbrev  0x00000000000002aa       0x12 ./Startup/startup_stm32f401retx.o
 .debug_abbrev  0x00000000000002bc      0x177 E:\Drive C\firmware\SDK_1.0.3_NUCLEO-F401RE\lib_stm\libLibraries.a(misc.o)
 .debug_abbrev  0x0000000000000433      0x1c3 E:\Drive C\firmware\SDK_1.0.3_NUCLEO-F401RE\lib_stm\libLibraries.a(stm32f401re_exti.o)
 .debug_abbrev  0x00000000000005f6      0x1bf E:\Drive C\firmware\SDK_1.0.3_NUCLEO-F401RE\lib_stm\libLibraries.a(stm32f401re_gpio.o)
 .debug_abbrev  0x00000000000007b5      0x1d4 E:\Drive C\firmware\SDK_1.0.3_NUCLEO-F401RE\lib_stm\libLibraries.a(stm32f401re_rcc.o)
 .debug_abbrev  0x0000000000000989      0x14b E:\Drive C\firmware\SDK_1.0.3_NUCLEO-F401RE\lib_stm\libLibraries.a(stm32f401re_syscfg.o)
 .debug_abbrev  0x0000000000000ad4      0x29a E:\Drive C\firmware\SDK_1.0.3_NUCLEO-F401RE\lib_stm\libLibraries.a(timer.o)
 .debug_abbrev  0x0000000000000d6e       0xce E:\Drive C\firmware\SDK_1.0.3_NUCLEO-F401RE\lib_stm\libLibraries.a(utilities.o)

.debug_aranges  0x0000000000000000      0x480
 .debug_aranges
                0x0000000000000000       0x98 ./Src/main.o
 .debug_aranges
                0x0000000000000098       0x28 ./Startup/startup_stm32f401retx.o
 .debug_aranges
                0x00000000000000c0       0x40 E:\Drive C\firmware\SDK_1.0.3_NUCLEO-F401RE\lib_stm\libLibraries.a(misc.o)
 .debug_aranges
                0x0000000000000100       0x58 E:\Drive C\firmware\SDK_1.0.3_NUCLEO-F401RE\lib_stm\libLibraries.a(stm32f401re_exti.o)
 .debug_aranges
                0x0000000000000158       0x88 E:\Drive C\firmware\SDK_1.0.3_NUCLEO-F401RE\lib_stm\libLibraries.a(stm32f401re_gpio.o)
 .debug_aranges
                0x00000000000001e0      0x198 E:\Drive C\firmware\SDK_1.0.3_NUCLEO-F401RE\lib_stm\libLibraries.a(stm32f401re_rcc.o)
 .debug_aranges
                0x0000000000000378       0x50 E:\Drive C\firmware\SDK_1.0.3_NUCLEO-F401RE\lib_stm\libLibraries.a(stm32f401re_syscfg.o)
 .debug_aranges
                0x00000000000003c8       0x70 E:\Drive C\firmware\SDK_1.0.3_NUCLEO-F401RE\lib_stm\libLibraries.a(timer.o)
 .debug_aranges
                0x0000000000000438       0x48 E:\Drive C\firmware\SDK_1.0.3_NUCLEO-F401RE\lib_stm\libLibraries.a(utilities.o)

.debug_ranges   0x0000000000000000      0x3f8
 .debug_ranges  0x0000000000000000       0x88 ./Src/main.o
 .debug_ranges  0x0000000000000088       0x20 ./Startup/startup_stm32f401retx.o
 .debug_ranges  0x00000000000000a8       0x30 E:\Drive C\firmware\SDK_1.0.3_NUCLEO-F401RE\lib_stm\libLibraries.a(misc.o)
 .debug_ranges  0x00000000000000d8       0x48 E:\Drive C\firmware\SDK_1.0.3_NUCLEO-F401RE\lib_stm\libLibraries.a(stm32f401re_exti.o)
 .debug_ranges  0x0000000000000120       0x78 E:\Drive C\firmware\SDK_1.0.3_NUCLEO-F401RE\lib_stm\libLibraries.a(stm32f401re_gpio.o)
 .debug_ranges  0x0000000000000198      0x188 E:\Drive C\firmware\SDK_1.0.3_NUCLEO-F401RE\lib_stm\libLibraries.a(stm32f401re_rcc.o)
 .debug_ranges  0x0000000000000320       0x40 E:\Drive C\firmware\SDK_1.0.3_NUCLEO-F401RE\lib_stm\libLibraries.a(stm32f401re_syscfg.o)
 .debug_ranges  0x0000000000000360       0x60 E:\Drive C\firmware\SDK_1.0.3_NUCLEO-F401RE\lib_stm\libLibraries.a(timer.o)
 .debug_ranges  0x00000000000003c0       0x38 E:\Drive C\firmware\SDK_1.0.3_NUCLEO-F401RE\lib_stm\libLibraries.a(utilities.o)

.debug_macro    0x0000000000000000     0xc899
 .debug_macro   0x0000000000000000      0x1ee ./Src/main.o
 .debug_macro   0x00000000000001ee      0xaae ./Src/main.o
 .debug_macro   0x0000000000000c9c       0x22 ./Src/main.o
 .debug_macro   0x0000000000000cbe       0x8e ./Src/main.o
 .debug_macro   0x0000000000000d4c       0x51 ./Src/main.o
 .debug_macro   0x0000000000000d9d      0x103 ./Src/main.o
 .debug_macro   0x0000000000000ea0       0x6a ./Src/main.o
 .debug_macro   0x0000000000000f0a      0x1df ./Src/main.o
 .debug_macro   0x00000000000010e9       0x1c ./Src/main.o
 .debug_macro   0x0000000000001105       0x6b ./Src/main.o
 .debug_macro   0x0000000000001170       0x3b ./Src/main.o
 .debug_macro   0x00000000000011ab       0x34 ./Src/main.o
 .debug_macro   0x00000000000011df       0x26 ./Src/main.o
 .debug_macro   0x0000000000001205      0xe43 ./Src/main.o
 .debug_macro   0x0000000000002048     0x8018 ./Src/main.o
 .debug_macro   0x000000000000a060       0x7c ./Src/main.o
 .debug_macro   0x000000000000a0dc      0x64a ./Src/main.o
 .debug_macro   0x000000000000a726      0x2f4 ./Src/main.o
 .debug_macro   0x000000000000aa1a       0xb6 ./Src/main.o
 .debug_macro   0x000000000000aad0      0x10d ./Src/main.o
 .debug_macro   0x000000000000abdd       0xc0 E:\Drive C\firmware\SDK_1.0.3_NUCLEO-F401RE\lib_stm\libLibraries.a(misc.o)
 .debug_macro   0x000000000000ac9d      0xa66 E:\Drive C\firmware\SDK_1.0.3_NUCLEO-F401RE\lib_stm\libLibraries.a(misc.o)
 .debug_macro   0x000000000000b703       0x22 E:\Drive C\firmware\SDK_1.0.3_NUCLEO-F401RE\lib_stm\libLibraries.a(misc.o)
 .debug_macro   0x000000000000b725       0xef E:\Drive C\firmware\SDK_1.0.3_NUCLEO-F401RE\lib_stm\libLibraries.a(misc.o)
 .debug_macro   0x000000000000b814       0xc0 E:\Drive C\firmware\SDK_1.0.3_NUCLEO-F401RE\lib_stm\libLibraries.a(stm32f401re_exti.o)
 .debug_macro   0x000000000000b8d4       0xb0 E:\Drive C\firmware\SDK_1.0.3_NUCLEO-F401RE\lib_stm\libLibraries.a(stm32f401re_exti.o)
 .debug_macro   0x000000000000b984       0xc3 E:\Drive C\firmware\SDK_1.0.3_NUCLEO-F401RE\lib_stm\libLibraries.a(stm32f401re_gpio.o)
 .debug_macro   0x000000000000ba47      0x2ee E:\Drive C\firmware\SDK_1.0.3_NUCLEO-F401RE\lib_stm\libLibraries.a(stm32f401re_gpio.o)
 .debug_macro   0x000000000000bd35      0x18d E:\Drive C\firmware\SDK_1.0.3_NUCLEO-F401RE\lib_stm\libLibraries.a(stm32f401re_rcc.o)
 .debug_macro   0x000000000000bec2      0x644 E:\Drive C\firmware\SDK_1.0.3_NUCLEO-F401RE\lib_stm\libLibraries.a(stm32f401re_rcc.o)
 .debug_macro   0x000000000000c506      0x111 E:\Drive C\firmware\SDK_1.0.3_NUCLEO-F401RE\lib_stm\libLibraries.a(stm32f401re_syscfg.o)
 .debug_macro   0x000000000000c617      0x107 E:\Drive C\firmware\SDK_1.0.3_NUCLEO-F401RE\lib_stm\libLibraries.a(stm32f401re_syscfg.o)
 .debug_macro   0x000000000000c71e       0xe3 E:\Drive C\firmware\SDK_1.0.3_NUCLEO-F401RE\lib_stm\libLibraries.a(timer.o)
 .debug_macro   0x000000000000c801       0x16 E:\Drive C\firmware\SDK_1.0.3_NUCLEO-F401RE\lib_stm\libLibraries.a(timer.o)
 .debug_macro   0x000000000000c817       0x72 E:\Drive C\firmware\SDK_1.0.3_NUCLEO-F401RE\lib_stm\libLibraries.a(utilities.o)
 .debug_macro   0x000000000000c889       0x10 E:\Drive C\firmware\SDK_1.0.3_NUCLEO-F401RE\lib_stm\libLibraries.a(utilities.o)

.debug_line     0x0000000000000000     0x3404
 .debug_line    0x0000000000000000      0x97c ./Src/main.o
 .debug_line    0x000000000000097c       0x84 ./Startup/startup_stm32f401retx.o
 .debug_line    0x0000000000000a00      0x515 E:\Drive C\firmware\SDK_1.0.3_NUCLEO-F401RE\lib_stm\libLibraries.a(misc.o)
 .debug_line    0x0000000000000f15      0x571 E:\Drive C\firmware\SDK_1.0.3_NUCLEO-F401RE\lib_stm\libLibraries.a(stm32f401re_exti.o)
 .debug_line    0x0000000000001486      0x65e E:\Drive C\firmware\SDK_1.0.3_NUCLEO-F401RE\lib_stm\libLibraries.a(stm32f401re_gpio.o)
 .debug_line    0x0000000000001ae4      0x8d2 E:\Drive C\firmware\SDK_1.0.3_NUCLEO-F401RE\lib_stm\libLibraries.a(stm32f401re_rcc.o)
 .debug_line    0x00000000000023b6      0x55b E:\Drive C\firmware\SDK_1.0.3_NUCLEO-F401RE\lib_stm\libLibraries.a(stm32f401re_syscfg.o)
 .debug_line    0x0000000000002911      0x684 E:\Drive C\firmware\SDK_1.0.3_NUCLEO-F401RE\lib_stm\libLibraries.a(timer.o)
 .debug_line    0x0000000000002f95      0x46f E:\Drive C\firmware\SDK_1.0.3_NUCLEO-F401RE\lib_stm\libLibraries.a(utilities.o)

.debug_str      0x0000000000000000    0x3df7d
 .debug_str     0x0000000000000000    0x3c514 ./Src/main.o
                                      0x3c6f1 (size before relaxing)
 .debug_str     0x000000000003c514       0x31 ./Startup/startup_stm32f401retx.o
                                         0x4b (size before relaxing)
 .debug_str     0x000000000003c545      0x3b7 E:\Drive C\firmware\SDK_1.0.3_NUCLEO-F401RE\lib_stm\libLibraries.a(misc.o)
                                      0x35d12 (size before relaxing)
 .debug_str     0x000000000003c8fc      0x121 E:\Drive C\firmware\SDK_1.0.3_NUCLEO-F401RE\lib_stm\libLibraries.a(stm32f401re_exti.o)
                                      0x35edf (size before relaxing)
 .debug_str     0x000000000003ca1d      0x192 E:\Drive C\firmware\SDK_1.0.3_NUCLEO-F401RE\lib_stm\libLibraries.a(stm32f401re_gpio.o)
                                      0x3a690 (size before relaxing)
 .debug_str     0x000000000003cbaf      0xccc E:\Drive C\firmware\SDK_1.0.3_NUCLEO-F401RE\lib_stm\libLibraries.a(stm32f401re_rcc.o)
                                      0x39aa1 (size before relaxing)
 .debug_str     0x000000000003d87b      0x422 E:\Drive C\firmware\SDK_1.0.3_NUCLEO-F401RE\lib_stm\libLibraries.a(stm32f401re_syscfg.o)
                                      0x39bb1 (size before relaxing)
 .debug_str     0x000000000003dc9d      0x21b E:\Drive C\firmware\SDK_1.0.3_NUCLEO-F401RE\lib_stm\libLibraries.a(timer.o)
                                      0x39451 (size before relaxing)
 .debug_str     0x000000000003deb8       0xc5 E:\Drive C\firmware\SDK_1.0.3_NUCLEO-F401RE\lib_stm\libLibraries.a(utilities.o)
                                       0x3d14 (size before relaxing)

.comment        0x0000000000000000       0xce
 .comment       0x0000000000000000       0x53 ./Src/main.o
                                         0x54 (size before relaxing)
 .comment       0x0000000000000053       0x7b E:\Drive C\firmware\SDK_1.0.3_NUCLEO-F401RE\lib_stm\libLibraries.a(misc.o)
                                         0x7c (size before relaxing)
 .comment       0x00000000000000ce       0x7c E:\Drive C\firmware\SDK_1.0.3_NUCLEO-F401RE\lib_stm\libLibraries.a(stm32f401re_exti.o)
 .comment       0x00000000000000ce       0x7c E:\Drive C\firmware\SDK_1.0.3_NUCLEO-F401RE\lib_stm\libLibraries.a(stm32f401re_gpio.o)
 .comment       0x00000000000000ce       0x7c E:\Drive C\firmware\SDK_1.0.3_NUCLEO-F401RE\lib_stm\libLibraries.a(stm32f401re_rcc.o)
 .comment       0x00000000000000ce       0x7c E:\Drive C\firmware\SDK_1.0.3_NUCLEO-F401RE\lib_stm\libLibraries.a(stm32f401re_syscfg.o)
 .comment       0x00000000000000ce       0x7c E:\Drive C\firmware\SDK_1.0.3_NUCLEO-F401RE\lib_stm\libLibraries.a(timer.o)
 .comment       0x00000000000000ce       0x7c E:\Drive C\firmware\SDK_1.0.3_NUCLEO-F401RE\lib_stm\libLibraries.a(utilities.o)

.debug_frame    0x0000000000000000     0x11dc
 .debug_frame   0x0000000000000000      0x21c ./Src/main.o
 .debug_frame   0x000000000000021c       0xd8 E:\Drive C\firmware\SDK_1.0.3_NUCLEO-F401RE\lib_stm\libLibraries.a(misc.o)
 .debug_frame   0x00000000000002f4      0x148 E:\Drive C\firmware\SDK_1.0.3_NUCLEO-F401RE\lib_stm\libLibraries.a(stm32f401re_exti.o)
 .debug_frame   0x000000000000043c      0x23c E:\Drive C\firmware\SDK_1.0.3_NUCLEO-F401RE\lib_stm\libLibraries.a(stm32f401re_gpio.o)
 .debug_frame   0x0000000000000678      0x774 E:\Drive C\firmware\SDK_1.0.3_NUCLEO-F401RE\lib_stm\libLibraries.a(stm32f401re_rcc.o)
 .debug_frame   0x0000000000000dec      0x11c E:\Drive C\firmware\SDK_1.0.3_NUCLEO-F401RE\lib_stm\libLibraries.a(stm32f401re_syscfg.o)
 .debug_frame   0x0000000000000f08      0x1a8 E:\Drive C\firmware\SDK_1.0.3_NUCLEO-F401RE\lib_stm\libLibraries.a(timer.o)
 .debug_frame   0x00000000000010b0      0x100 E:\Drive C\firmware\SDK_1.0.3_NUCLEO-F401RE\lib_stm\libLibraries.a(utilities.o)
 .debug_frame   0x00000000000011b0       0x2c c:/st/stm32cubeide_1.7.0/stm32cubeide/plugins/com.st.stm32cube.ide.mcu.externaltools.gnu-tools-for-stm32.9-2020-q2-update.win32_2.0.0.202105311346/tools/bin/../lib/gcc/arm-none-eabi/9.3.1/../../../../arm-none-eabi/lib/thumb/v7e-m+fp/hard\libc_nano.a(lib_a-init.o)
